../Core/Src/main.c:242:5:main	66456	static
../Core/Src/main.c:386:6:SystemClock_Config	88	static
../Core/Src/main.c:443:6:PeriphCommonClock_Config	144	static
../Core/Src/main.c:471:13:MX_ADC3_Init	24	static
../Core/Src/main.c:523:13:MX_CRC_Init	8	static
../Core/Src/main.c:554:13:MX_DCMI_Init	8	static
../Core/Src/main.c:591:13:MX_DMA2D_Init	8	static
../Core/Src/main.c:628:13:MX_ETH_Init	8	static
../Core/Src/main.c:677:13:MX_I2C1_Init	8	static
../Core/Src/main.c:725:13:MX_I2C3_Init	8	static
../Core/Src/main.c:773:13:MX_LTDC_Init	64	static
../Core/Src/main.c:835:13:MX_QUADSPI_Init	8	static
../Core/Src/main.c:870:13:MX_RTC_Init	72	static
../Core/Src/main.c:966:13:MX_SAI2_Init	8	static
../Core/Src/main.c:1041:13:MX_SDMMC1_SD_Init	4	static
../Core/Src/main.c:1069:13:MX_SPDIFRX_Init	8	static
../Core/Src/main.c:1105:13:MX_SPI2_Init	8	static
../Core/Src/main.c:1145:13:MX_TIM1_Init	112	static
../Core/Src/main.c:1225:13:MX_TIM2_Init	64	static
../Core/Src/main.c:1284:13:MX_TIM3_Init	64	static
../Core/Src/main.c:1343:13:MX_TIM5_Init	64	static
../Core/Src/main.c:1402:13:MX_TIM8_Init	40	static
../Core/Src/main.c:1449:13:MX_TIM12_Init	40	static
../Core/Src/main.c:1491:13:MX_USART1_UART_Init	8	static
../Core/Src/main.c:1526:13:MX_USART6_UART_Init	8	static
../Core/Src/main.c:1559:13:MX_DMA_Init	16	static
../Core/Src/main.c:1579:13:MX_FMC_Init	40	static
../Core/Src/main.c:1630:13:MX_GPIO_Init	72	static
../Core/Src/main.c:1805:6:HAL_GPIO_EXTI_Callback	16	static
../Core/Src/main.c:1815:6:LCD_GPIO_Init	64	static
../Core/Src/main.c:1865:13:LTDC_Init	24	static
../Core/Src/main.c:1932:9:CAMERA_Init	24	static
../Core/Src/main.c:1968:6:CAMERA_PwrUp	32	static
../Core/Src/main.c:1993:6:CAMERA_PwrDown	32	static
../Core/Src/main.c:2016:6:LCD_DisplayOn	8	static
../Core/Src/main.c:2028:6:LCD_DisplayOff	8	static
../Core/Src/main.c:2039:6:HAL_DCMI_FrameEventCallback	16	static
../Core/Src/main.c:2049:13:OnError_Handler	16	static
../Core/Src/main.c:2063:6:Error_Handler	4	static,ignoring_inline_asm
