../Core/Src/stm32746g_discovery.c:162:10:BSP_GetVersion	4	static
../Core/Src/stm32746g_discovery.c:174:6:BSP_LED_Init	48	static
../Core/Src/stm32746g_discovery.c:206:6:BSP_LED_DeInit	40	static
../Core/Src/stm32746g_discovery.c:229:6:BSP_LED_On	24	static
../Core/Src/stm32746g_discovery.c:247:6:BSP_LED_Off	24	static
../Core/Src/stm32746g_discovery.c:265:6:BSP_LED_Toggle	24	static
../Core/Src/stm32746g_discovery.c:293:6:BSP_PB_Init	48	static
../Core/Src/stm32746g_discovery.c:347:6:BSP_PB_DeInit	40	static
../Core/Src/stm32746g_discovery.c:369:10:BSP_PB_GetState	16	static
../Core/Src/stm32746g_discovery.c:384:6:BSP_COM_Init	48	static
../Core/Src/stm32746g_discovery.c:424:6:BSP_COM_DeInit	16	static
../Core/Src/stm32746g_discovery.c:450:13:I2Cx_MspInit	56	static
../Core/Src/stm32746g_discovery.c:537:13:I2Cx_Init	16	static
../Core/Src/stm32746g_discovery.c:575:26:I2Cx_ReadMultiple	48	static
../Core/Src/stm32746g_discovery.c:605:26:I2Cx_WriteMultiple	48	static
../Core/Src/stm32746g_discovery.c:633:26:I2Cx_IsDeviceReady	24	static
../Core/Src/stm32746g_discovery.c:644:13:I2Cx_Error	16	static
../Core/Src/stm32746g_discovery.c:663:6:AUDIO_IO_Init	8	static
../Core/Src/stm32746g_discovery.c:672:6:AUDIO_IO_DeInit	4	static
../Core/Src/stm32746g_discovery.c:683:6:AUDIO_IO_Write	32	static
../Core/Src/stm32746g_discovery.c:700:10:AUDIO_IO_Read	32	static
../Core/Src/stm32746g_discovery.c:720:6:AUDIO_IO_Delay	16	static
../Core/Src/stm32746g_discovery.c:731:6:CAMERA_IO_Init	8	static
../Core/Src/stm32746g_discovery.c:745:6:CAMERA_IO_Write	24	static
../Core/Src/stm32746g_discovery.c:756:9:CAMERA_IO_Read	32	static
../Core/Src/stm32746g_discovery.c:806:6:CAMERA_Delay	16	static
../Core/Src/stm32746g_discovery.c:817:6:EEPROM_IO_Init	8	static
../Core/Src/stm32746g_discovery.c:830:19:EEPROM_IO_WriteData	32	static
../Core/Src/stm32746g_discovery.c:843:19:EEPROM_IO_ReadData	32	static
../Core/Src/stm32746g_discovery.c:855:19:EEPROM_IO_IsDeviceReady	16	static
../Core/Src/stm32746g_discovery.c:866:6:TS_IO_Init	8	static
../Core/Src/stm32746g_discovery.c:878:6:TS_IO_Write	24	static
../Core/Src/stm32746g_discovery.c:889:9:TS_IO_Read	32	static
../Core/Src/stm32746g_discovery.c:903:6:TS_IO_Delay	16	static
